main.c:130:5:h	16	static
main.c:134:6:insertAt	32	static
main.c:141:6:removeAt	32	static
main.c:147:6:addNodeIfNotExists	32	static
main.c:197:5:checkDone	4	static
main.c:202:6:createPath	16	static
main.c:217:6:updateMaze	8	static
main.c:238:6:updateGoal	16	static
main.c:270:6:createBackPath	24	static
main.c:316:6:moveToGoal	8	static
main.c:349:5:main	8	static
main.c:429:6:SystemClock_Config	88	static
main.c:469:13:MX_GPIO_Init	24	static
main.c:490:6:StartDefaultTask	32	static
main.c:561:6:HAL_TIM_PeriodElapsedCallback	16	static
main.c:578:6:Error_Handler	4	static
